../Core/Src/main.c:95:9:Decimal_To_BCD	16	static
../Core/Src/main.c:99:9:BCD_To_Decimal	16	static
../Core/Src/main.c:160:8:checkShouldGoToTimer	24	static
../Core/Src/main.c:126:5:main	24	static
../Core/Src/main.c:171:8:printTimeScreen	48	static
../Core/Src/main.c:198:8:printWeatherScreen	64	static
../Core/Src/main.c:221:8:printTimerScreen	72	static
../Core/Src/main.c:274:8:printMenuScreen	32	static
../Core/Src/main.c:300:8:printSetTimeScreen	40	static
../Core/Src/main.c:329:8:checkAlarm	16	static
../Core/Src/main.c:386:6:SystemClock_Config	88	static
../Core/Src/main.c:434:13:MX_I2C1_Init	8	static
../Core/Src/main.c:468:13:MX_I2C2_Init	8	static
../Core/Src/main.c:502:13:MX_RTC_Init	16	static
../Core/Src/main.c:579:13:MX_TIM2_Init	56	static
../Core/Src/main.c:628:13:MX_GPIO_Init	40	static
../Core/Src/main.c:675:6:Set_RTC_Alarm	32	static
../Core/Src/main.c:702:6:Clear_RTC_Alarm	8	static
../Core/Src/main.c:717:6:HAL_GPIO_EXTI_Callback	24	static
../Core/Src/main.c:802:6:HAL_RTC_AlarmAEventCallback	16	static
../Core/Src/main.c:816:6:Error_Handler	4	static,ignoring_inline_asm
