../Core/Src/ssd1306.c:8:6:ssd1306_Reset	4	static
../Core/Src/ssd1306.c:13:6:ssd1306_WriteCommand	32	static
../Core/Src/ssd1306.c:18:6:ssd1306_WriteData	32	static
../Core/Src/ssd1306.c:63:17:ssd1306_FillBuffer	24	static
../Core/Src/ssd1306.c:73:6:ssd1306_Init	8	static
../Core/Src/ssd1306.c:175:6:ssd1306_Fill	16	static
../Core/Src/ssd1306.c:180:6:ssd1306_UpdateScreen	16	static
../Core/Src/ssd1306.c:201:6:ssd1306_DrawPixel	16	static
../Core/Src/ssd1306.c:221:6:ssd1306_WriteChar	48	static
../Core/Src/ssd1306.c:255:6:ssd1306_WriteScaledChar	56	static
../Core/Src/ssd1306.c:292:6:ssd1306_WriteString	32	static
../Core/Src/ssd1306.c:306:6:ssd1306_WriteScaledString	40	static
../Core/Src/ssd1306.c:320:6:ssd1306_SetCursor	16	static
../Core/Src/ssd1306.c:326:6:ssd1306_Line	48	static
../Core/Src/ssd1306.c:353:6:ssd1306_Polyline	40	static
../Core/Src/ssd1306.c:367:14:ssd1306_DegToRad	16	static
../Core/Src/ssd1306.c:372:17:ssd1306_NormalizeTo0_360	24	static
../Core/Src/ssd1306.c:388:6:ssd1306_DrawArc	56	static
../Core/Src/ssd1306.c:428:6:ssd1306_DrawArcWithRadiusLine	64	static
../Core/Src/ssd1306.c:471:6:ssd1306_DrawCircle	40	static
../Core/Src/ssd1306.c:506:6:ssd1306_FillCircle	48	static
../Core/Src/ssd1306.c:542:6:ssd1306_DrawRectangle	32	static
../Core/Src/ssd1306.c:552:6:ssd1306_FillRectangle	32	static
../Core/Src/ssd1306.c:566:17:ssd1306_InvertRectangle	32	static
../Core/Src/ssd1306.c:597:6:ssd1306_DrawBitmap	24	static
../Core/Src/ssd1306.c:621:6:ssd1306_SetContrast	24	static
../Core/Src/ssd1306.c:627:6:ssd1306_SetDisplayOn	24	static
../Core/Src/ssd1306.c:639:9:ssd1306_GetDisplayOn	4	static
